RAM Allocation
Variable                                                          Address   Size
--------------------------------------------------------------------------------
Disp                                                              0x0160       3
DotDisp                                                           0x0163       1
enBlk                                                             0x0164       1
BlinkDelay                                                        0x0165       1
DispVal                                                           0x0166       2
ADCDispVal                                                        0x0168       2
ADCSumDispVal                                                     0x016A       2
okDispADC                                                         0x016C       1
EncBuf                                                            0x016D       1
KeyPress                                                          0x016E       1
StMode                                                            0x016F       1
m_delay                                                           0x0170       1
riTP                                                              0x0171       1
ADCval                                                            0x0172       2
SetTemp                                                           0x0174       2
_adc_raw                                                          0x0176       2
ERR_DELAY_DT                                                      0x0178       2
ErrLockDelayMT                                                    0x017A       1
ErrLockDelayDT                                                    0x017B       1
r_tval                                                            0x017C       1
tval                                                              0x017D       1
tRst                                                              0x017E       1
TimerStop                                                         0x017F       1
MAX_PWM                                                           0x0180       2
Kp                                                                0x0182       1
Ki                                                                0x0183       1
Kd                                                                0x0184       1
Tpd                                                               0x0185       1
lastProcessValue                                                  0x0186       2
maxError                                                          0x0188       2
maxSumError                                                       0x018A       2
sumError                                                          0x018C       4
PIDStabDelay                                                      0x0190       1
ValPWM                                                            0x0191       2
PIDSetMode                                                        0x0193       1
Tstab                                                             0x0194       2
stab_delay                                                        0x0196       2
clb_ct_val                                                        0x0198       2
clb_t_val                                                         0x019A       2
t_pid                                                             0x019C       1
t_ss                                                              0x019D       1
t_blk                                                             0x019E       1
t_err                                                             0x019F       1
KeyCount                                                          0x01A0       1
OldKeyPress                                                       0x01A1       1
t_time                                                            0x01A2       2
tDisp                                                             0x01A4       1
CurDg                                                             0x01A5       1
dSmb                                                              0x01A6       1
tADC                                                              0x01A7       1
tdADC                                                             0x01A8       1
stateEnc                                                          0x01A9       1
ret                                                               0x01AA       4
temp                                                              0x01AE       4
i_term                                                            0x01B2       4
iCalc                                                             0x01B6       1
retPWM                                                            0x01B7       2
k                                                                 0x01B9       1
add                                                               0x01BA       1
fcall                                                             0x01BB       1
_cnt                                                              0x01BC       1
_cnts                                                             0x01BD       1
AvrgPWM                                                           0x01BE       2
OldAvrgPWM                                                        0x01C0       2
AvrgStabPWM                                                       0x01C2       2
_assPWM                                                           0x01C4       2

EEPROM Allocation
Variable                                                          Address   Size
--------------------------------------------------------------------------------
eDispCmn                                                          0x0000       1
eTP                                                               0x0001      10
eiTP                                                              0x000B       1
eLastT                                                            0x000C       2
eKs                                                               0x000E       2
eKg                                                               0x0010       2
e_tval                                                            0x0012       1
ePID                                                              0x0013       5

Register Allocation
Variable                                                          Register  Size
--------------------------------------------------------------------------------
DispCmn                                                           R5           1
isBlk                                                             R2.0      1bit
chDispMode                                                        R2.1      1bit
isChng                                                            R2.2      1bit
LngKeyPress                                                       R2.3      1bit
Ks                                                                R6,R7        2
Kg                                                                R8,R9        2
enADC                                                             R2.4      1bit
okADC                                                             R2.5      1bit
OldADCval                                                         R10,R11      2
enErrCheck                                                        R2.6      1bit
TimerEn                                                           R2.7      1bit
enPID                                                             R3.0      1bit
isClng                                                            R3.1      1bit
isSS                                                              R3.2      1bit
isSScmpl                                                          R3.3      1bit
enSS                                                              R3.4      1bit
StHstMult                                                         R4           1
isStab                                                            R3.5      1bit
enStabBeep                                                        R3.6      1bit
ClbMode                                                           R13          1
